// Jest Snapshot v1, https://goo.gl/fbAQLP

exports[`Product page should match the snapshot 1`] = `
<div
  className="Background__BackgroundContainer-sc-1ig5col-0 caskQE"
>
  <div
    className="Header__HeaderContainer-sc-1a8uskq-0 iAAsmi"
  >
    <div>
      <img
        alt="Cuponeria Logo"
        src="/imgs/logo.svg"
      />
    </div>
  </div>
  <div
    className="NavBar__NavBarContainer-sc-8wct3k-0 jtmBiI"
  >
    <div>
      <div
        className="ButtonNavBar__ButtonNavBarContainer-sc-109tumo-0 eVfgCa"
        onClick={[Function]}
        onMouseEnter={[Function]}
      >
        <i
          className="icon-inicio"
        />
        <span>
          início
        </span>
      </div>
      <div
        className="ButtonNavBar__ButtonNavBarContainer-sc-109tumo-0 eVfgCa"
        onClick={[Function]}
        onMouseEnter={[Function]}
      >
        <i
          className="icon-roupas"
        />
        <span>
          roupas
        </span>
      </div>
      <div
        className="ButtonNavBar__ButtonNavBarContainer-sc-109tumo-0 hmJHDC"
        onClick={[Function]}
        onMouseEnter={[Function]}
      >
        <i
          className="icon-eletronicos"
        />
        <span>
          eletrônicos
        </span>
      </div>
      <div
        className="ButtonNavBar__ButtonNavBarContainer-sc-109tumo-0 eVfgCa"
        onClick={[Function]}
        onMouseEnter={[Function]}
      >
        <i
          className="icon-acessorios"
        />
        <span>
          acessórios
        </span>
      </div>
    </div>
  </div>
  <div
    className="childrenMargin"
  >
    <div
      className="ProductDetails__ProductContainer-sc-15wgsak-0 iRTlRp"
    >
      <div
        className="prodDetailsImg"
      >
        <img
          alt=""
          src="https://fakestoreapi.com/img/71-3HjGNDUL._AC_SY879._SX._UX._SY._UY_.jpg"
        />
      </div>
      <div
        className="prodDetailsInfo"
      >
        <span
          className="prodDetailsTitle"
        >
          Mens Casual Premium Slim Fit T-Shirts 
        </span>
        <span
          className="prodDetailsPrice"
        >
          R$ 
          22.30
        </span>
        <div>
          <span
            className="prodDetailsDescription"
          >
            Slim-fitting style, contrast raglan long sleeve, three-button henley placket, light weight & soft fabric for breathable and comfortable wearing. And Solid stitched shirts with round neck made for durability and a great fit for casual fashion wear and diehard baseball fans. The Henley style round neckline includes a three-button placket.
          </span>
        </div>
        <div
          className="prodDetailsButtonContainer"
        >
          <a
            className="BuyButton__BuyButtonContainer-sc-1fz6kqp-0 XtTgO"
            onClick={[Function]}
            onMouseEnter={[Function]}
          >
            comprar
          </a>
        </div>
      </div>
    </div>
  </div>
  <footer
    className="Footer__FooterContainer-qgk6jt-0 gXkdUn"
  >
    <div>
      <i
        className="icon-facebook"
      />
      <i
        className="icon-instagram"
      />
      <i
        className="icon-twitter"
      />
      <i
        className="icon-youtube"
      />
    </div>
  </footer>
</div>
`;
